============================= test session starts ==============================
platform darwin -- Python 3.11.14, pytest-9.0.2, pluggy-1.6.0 -- /Users/ash/Documents/repos/Zoomlytics/power-atlas/.venv/bin/python
cachedir: .pytest_cache
rootdir: /Users/ash/Documents/repos/Zoomlytics/power-atlas
configfile: pyproject.toml
plugins: anyio-4.12.1, cov-7.0.0
collecting ... collected 8 items / 7 deselected / 1 selected

tests/test_backend_api_consumer.py::test_backend_api_composed_app_example_script_runs FAILED [100%]

=================================== FAILURES ===================================
______________ test_backend_api_composed_app_example_script_runs _______________

    def test_backend_api_composed_app_example_script_runs() -> None:
        repo_root = Path(__file__).resolve().parents[1]
        completed = subprocess.run(
            [
                sys.executable,
                str(repo_root / "examples" / "backend_api_composed_app.py"),
            ],
            cwd=repo_root,
            capture_output=True,
            check=True,
            text=True,
        )
    
>       assert json.loads(completed.stdout) == {
            "backend_datasets": {
                "dataset_names": ["demo_dataset_v1", "demo_dataset_v2"],
                "selected_dataset_name": None,
                "selection_mode": "ambiguous",
            },
            "backend_run_detail": {
                "run_id": "unstructured_ingest-20260512T000100Z-b",
                "run_stage_names": ["claim_extraction", "pdf_ingest"],
                "stages": ["claim_extraction"],
            },
            "backend_runs": {
                "detail": "Found 1 run(s).",
                "run_ids": ["unstructured_ingest-20260512T000100Z-b"],
                "runs_root": str((repo_root / "." ).resolve()),
            },
            "backend_graph_status": {
                "database": "neo4j",
                "detail": "Neo4j password is not configured",
                "neo4j_uri": "neo4j://localhost:7687",
                "status": "not_configured",
            },
            "backend_health": {
                "message": "Backend is healthy",
                "status": "ok",
            },
            "backend_root": {
                "docs": "/docs",
                "message": "Power Atlas API",
                "version": "0.1.0-mounted",
            },
            "host_info": {
                "host": "backend_api_composed_app",
                "host_title": "Host Application",
                "host_version": "1.0.0-host",
            },
        }
E       AssertionError: assert {'backend_datasets': {'dataset_names': ['demo_dataset_v1', 'demo_dataset_v2'], 'selected_dataset_name': None, 'selection_mode': 'ambiguous'}, 'backend_graph_status': {'database': 'neo4j', 'detail': 'Neo4j password is not configured', 'neo4j_uri': 'neo4j://localhost:7687', 'status': 'not_configured'}, 'backend_health': {'message': 'Backend is healthy', 'status': 'ok'}, 'backend_root': {'docs': '/docs', 'message': 'Power Atlas API', 'version': '0.1.0-mounted'}, 'backend_run_detail': {'run_id': 'unstructured_ingest-20260512T000100Z-b', 'run_stage_names': ['claim_extraction', 'pdf_ingest'], 'stages': ['claim_extraction']}, 'backend_runs': {'detail': None, 'run_ids': ['unstructured_ingest-20260512T000100Z-b'], 'runs_root': '/private/var/folders/d0/l_6cpmd569z0ztzsdwv0skbh0000gn/T/tmpmzo92hzj/runs'}, 'host_info': {'host': 'backend_api_composed_app', 'host_title': 'Host Application', 'host_version': '1.0.0-host'}} == {'backend_datasets': {'dataset_names': ['demo_dataset_v1', 'demo_dataset_v2'], 'selected_dataset_name': None, 'selection_mode': 'ambiguous'}, 'backend_run_detail': {'run_id': 'unstructured_ingest-20260512T000100Z-b', 'run_stage_names': ['claim_extraction', 'pdf_ingest'], 'stages': ['claim_extraction']}, 'backend_runs': {'detail': 'Found 1 run(s).', 'run_ids': ['unstructured_ingest-20260512T000100Z-b'], 'runs_root': '/Users/ash/Documents/repos/Zoomlytics/power-atlas'}, 'backend_graph_status': {'database': 'neo4j', 'detail': 'Neo4j password is not configured', 'neo4j_uri': 'neo4j://localhost:7687', 'status': 'not_configured'}, 'backend_health': {'message': 'Backend is healthy', 'status': 'ok'}, 'backend_root': {'docs': '/docs', 'message': 'Power Atlas API', 'version': '0.1.0-mounted'}, 'host_info': {'host': 'backend_api_composed_app', 'host_title': 'Host Application', 'host_version': '1.0.0-host'}}
E         
E         Common items:
E         {'backend_datasets': {'dataset_names': ['demo_dataset_v1', 'demo_dataset_v2'],
E                               'selected_dataset_name': None,
E                               'selection_mode': 'ambiguous'},
E          'backend_graph_status': {'database': 'neo4j',
E                                   'detail': 'Neo4j password is not configured',
E                                   'neo4j_uri': 'neo4j://localhost:7687',
E                                   'status': 'not_configured'},
E          'backend_health': {'message': 'Backend is healthy', 'status': 'ok'},
E          'backend_root': {'docs': '/docs',
E                           'message': 'Power Atlas API',
E                           'version': '0.1.0-mounted'},
E          'backend_run_detail': {'run_id': 'unstructured_ingest-20260512T000100Z-b',
E                                 'run_stage_names': ['claim_extraction', 'pdf_ingest'],
E                                 'stages': ['claim_extraction']},
E          'host_info': {'host': 'backend_api_composed_app',
E                        'host_title': 'Host Application',
E                        'host_version': '1.0.0-host'}}
E         Differing items:
E         {'backend_runs': {'detail': None, 'run_ids': ['unstructured_ingest-20260512T000100Z-b'], 'runs_root': '/private/var/folders/d0/l_6cpmd569z0ztzsdwv0skbh0000gn/T/tmpmzo92hzj/runs'}} != {'backend_runs': {'detail': 'Found 1 run(s).', 'run_ids': ['unstructured_ingest-20260512T000100Z-b'], 'runs_root': '/Users/ash/Documents/repos/Zoomlytics/power-atlas'}}
E         
E         Full diff:
E           {
E               'backend_datasets': {
E                   'dataset_names': [
E                       'demo_dataset_v1',
E                       'demo_dataset_v2',
E                   ],
E                   'selected_dataset_name': None,
E                   'selection_mode': 'ambiguous',
E               },
E               'backend_graph_status': {
E                   'database': 'neo4j',
E                   'detail': 'Neo4j password is not configured',
E                   'neo4j_uri': 'neo4j://localhost:7687',
E                   'status': 'not_configured',
E               },
E               'backend_health': {
E                   'message': 'Backend is healthy',
E                   'status': 'ok',
E               },
E               'backend_root': {
E                   'docs': '/docs',
E                   'message': 'Power Atlas API',
E                   'version': '0.1.0-mounted',
E               },
E               'backend_run_detail': {
E                   'run_id': 'unstructured_ingest-20260512T000100Z-b',
E                   'run_stage_names': [
E                       'claim_extraction',
E                       'pdf_ingest',
E                   ],
E                   'stages': [
E                       'claim_extraction',
E                   ],
E               },
E               'backend_runs': {
E         -         'detail': 'Found 1 run(s).',
E         +         'detail': None,
E                   'run_ids': [
E                       'unstructured_ingest-20260512T000100Z-b',
E                   ],
E         -         'runs_root': '/Users/ash/Documents/repos/Zoomlytics/power-atlas',
E         +         'runs_root': '/private/var/folders/d0/l_6cpmd569z0ztzsdwv0skbh0000gn/T/tmpmzo92hzj/runs',
E               },
E               'host_info': {
E                   'host': 'backend_api_composed_app',
E                   'host_title': 'Host Application',
E                   'host_version': '1.0.0-host',
E               },
E           }

tests/test_backend_api_consumer.py:367: AssertionError
=========================== short test summary info ============================
FAILED tests/test_backend_api_consumer.py::test_backend_api_composed_app_example_script_runs - AssertionError: assert {'backend_datasets': {'dataset_names': ['demo_dataset_v1', 'demo_dataset_v2'], 'selected_dataset_name': None, 'selection_mode': 'ambiguous'}, 'backend_graph_status': {'database': 'neo4j', 'detail': 'Neo4j password is not configured', 'neo4j_uri': 'neo4j://localhost:7687', 'status': 'not_configured'}, 'backend_health': {'message': 'Backend is healthy', 'status': 'ok'}, 'backend_root': {'docs': '/docs', 'message': 'Power Atlas API', 'version': '0.1.0-mounted'}, 'backend_run_detail': {'run_id': 'unstructured_ingest-20260512T000100Z-b', 'run_stage_names': ['claim_extraction', 'pdf_ingest'], 'stages': ['claim_extraction']}, 'backend_runs': {'detail': None, 'run_ids': ['unstructured_ingest-20260512T000100Z-b'], 'runs_root': '/private/var/folders/d0/l_6cpmd569z0ztzsdwv0skbh0000gn/T/tmpmzo92hzj/runs'}, 'host_info': {'host': 'backend_api_composed_app', 'host_title': 'Host Application', 'host_version': '1.0.0-host'}} == {'backend_datasets': {'dataset_names': ['demo_dataset_v1', 'demo_dataset_v2'], 'selected_dataset_name': None, 'selection_mode': 'ambiguous'}, 'backend_run_detail': {'run_id': 'unstructured_ingest-20260512T000100Z-b', 'run_stage_names': ['claim_extraction', 'pdf_ingest'], 'stages': ['claim_extraction']}, 'backend_runs': {'detail': 'Found 1 run(s).', 'run_ids': ['unstructured_ingest-20260512T000100Z-b'], 'runs_root': '/Users/ash/Documents/repos/Zoomlytics/power-atlas'}, 'backend_graph_status': {'database': 'neo4j', 'detail': 'Neo4j password is not configured', 'neo4j_uri': 'neo4j://localhost:7687', 'status': 'not_configured'}, 'backend_health': {'message': 'Backend is healthy', 'status': 'ok'}, 'backend_root': {'docs': '/docs', 'message': 'Power Atlas API', 'version': '0.1.0-mounted'}, 'host_info': {'host': 'backend_api_composed_app', 'host_title': 'Host Application', 'host_version': '1.0.0-host'}}
  
  Common items:
  {'backend_datasets': {'dataset_names': ['demo_dataset_v1', 'demo_dataset_v2'],
                        'selected_dataset_name': None,
                        'selection_mode': 'ambiguous'},
   'backend_graph_status': {'database': 'neo4j',
                            'detail': 'Neo4j password is not configured',
                            'neo4j_uri': 'neo4j://localhost:7687',
                            'status': 'not_configured'},
   'backend_health': {'message': 'Backend is healthy', 'status': 'ok'},
   'backend_root': {'docs': '/docs',
                    'message': 'Power Atlas API',
                    'version': '0.1.0-mounted'},
   'backend_run_detail': {'run_id': 'unstructured_ingest-20260512T000100Z-b',
                          'run_stage_names': ['claim_extraction', 'pdf_ingest'],
                          'stages': ['claim_extraction']},
   'host_info': {'host': 'backend_api_composed_app',
                 'host_title': 'Host Application',
                 'host_version': '1.0.0-host'}}
  Differing items:
  {'backend_runs': {'detail': None, 'run_ids': ['unstructured_ingest-20260512T000100Z-b'], 'runs_root': '/private/var/folders/d0/l_6cpmd569z0ztzsdwv0skbh0000gn/T/tmpmzo92hzj/runs'}} != {'backend_runs': {'detail': 'Found 1 run(s).', 'run_ids': ['unstructured_ingest-20260512T000100Z-b'], 'runs_root': '/Users/ash/Documents/repos/Zoomlytics/power-atlas'}}
  
  Full diff:
    {
        'backend_datasets': {
            'dataset_names': [
                'demo_dataset_v1',
                'demo_dataset_v2',
            ],
            'selected_dataset_name': None,
            'selection_mode': 'ambiguous',
        },
        'backend_graph_status': {
            'database': 'neo4j',
            'detail': 'Neo4j password is not configured',
            'neo4j_uri': 'neo4j://localhost:7687',
            'status': 'not_configured',
        },
        'backend_health': {
            'message': 'Backend is healthy',
            'status': 'ok',
        },
        'backend_root': {
            'docs': '/docs',
            'message': 'Power Atlas API',
            'version': '0.1.0-mounted',
        },
        'backend_run_detail': {
            'run_id': 'unstructured_ingest-20260512T000100Z-b',
            'run_stage_names': [
                'claim_extraction',
                'pdf_ingest',
            ],
            'stages': [
                'claim_extraction',
            ],
        },
        'backend_runs': {
  -         'detail': 'Found 1 run(s).',
  +         'detail': None,
            'run_ids': [
                'unstructured_ingest-20260512T000100Z-b',
            ],
  -         'runs_root': '/Users/ash/Documents/repos/Zoomlytics/power-atlas',
  +         'runs_root': '/private/var/folders/d0/l_6cpmd569z0ztzsdwv0skbh0000gn/T/tmpmzo92hzj/runs',
        },
        'host_info': {
            'host': 'backend_api_composed_app',
            'host_title': 'Host Application',
            'host_version': '1.0.0-host',
        },
    }
======================= 1 failed, 7 deselected in 6.11s ========================
